resuming a part-built corpus: 399 chapters already in
curriculum: already indexed, left alone
ncert: 484 chapters to fetch (~5.4 hours)
resuming: 399 chapters already indexed
  fees101: 32,589 chars — ?ecneicS
  fees102: 16,716 chars — stnenitnoC
  fees103: 22,028 chars — efiL
  fees104: 19,964 chars — yrotsiH
  fees105: 10,995 chars — tarahB
  fees106: 32,702 chars — noitasiliviC
  fees107: 28,581 chars — stooR
  fees108: 14,948 chars — ’enO
  fees109: 14,807 chars — ytinummoC
  fees110: 16,597 chars — ycarcomeD
  fees111: 13,257 chars — ycarcomeD
  fees112: 11,070 chars — ycarcomeD
  fees113: 11,940 chars — kroW
  fees114: 16,011 chars — dnuorA
  gees101: 29,776 chars — elpoeP
  gees102: 22,352 chars — elpoeP
  gees103: 30,669 chars — elpoeP
  gees104: 20,150 chars — New Beginnings: Cities and States
  gees105: 44,352 chars — tsaP
  gees106: 33,241 chars — tsaP
  gees107: 30,918 chars — tsaP
  gees108: 26,251 chars — snoitidarT
  gees109: 37,232 chars — ycarcomeD
  gees110: 28,308 chars — ycarcomeD
  gees111: 21,820 chars — dnuorA
  gees112: 33,540 chars — dnuorA
  gess101: 18,623 chars — INTRODUCTION: TRACING CHANGES THROUGH A THOUSAND YEA
  gess102: 15,878 chars — KINGS AND KINGDOMS
  gess103: 10,709 chars — DELHI: 12th TO 15th CENTURY In Chapter 2 we saw that
  gess104: 11,791 chars — THE MUGHALS
  gess105: 16,238 chars — TRIBES, NOMADS AND SETTLED COMMUNITIES
  gess106: 22,007 chars — DEVOTIONAL PATHS TO THE DIVINE
  gess107: 18,485 chars — THE MAKING OF REGIONAL CULTURES
  gess108: 18,232 chars — EIGHTEENTH-CENTURY
  gess201: 9,274 chars — Environment
  gess202: 7,144 chars — Inside Our Earth
  gess203: 11,962 chars — Our Changing Earth
  gess204: 15,867 chars — Air
  gess205: 13,210 chars — Water
  gess206: 16,000 chars — Renuka was excited. Shrikant Uncle was home after a 
  gess207: 12,131 chars — In Chapter 5, you have seen that water means life to
  gess301: 11,215 chars — ONE
  gess302: 19,774 chars — TWO
  gess303: 21,457 chars — How
  gess304: 15,259 chars — Growing up as
  gess305: 22,101 chars — Women Change
  gess306: 21,104 chars — Understanding Media
  gess307: 13,945 chars — Markets Around Us
  gess308: 18,277 chars — A Shirt in the Market
  hess201: 18,584 chars — Introduction: How, When and Where
  hess202: 33,642 chars — From Trade to Territory
  hess203: 25,948 chars — Ruling the Countryside
  hess204: 23,820 chars — Tribals, Dikus and the Vision of a Golden Age In 189
  hess205: 28,640 chars — When People Revolt
  hess206: 25,416 chars — Civilising the “Native”, Educating the Nation
  hess207: 32,245 chars — Women, Caste and Reform
  hess208: 39,181 chars — The Making of the National
  hess301: 32,770 chars — Social and Political Life
  hess302: 15,647 chars — Understanding Secularism
  hess303: 32,571 chars — Social and Political Life
  hess304: 22,826 chars — Social and Political Life
  hess305: 28,992 chars — Social and Political Life
  hess306: 24,899 chars — Confronting
  hess307: 26,637 chars — Social and Political Life
  hess308: 29,011 chars — Law and Social
  hess401: 11,026 chars — Resources
  hess402: 24,720 chars — Land, Soil, Water, Natural Vegetation and Wildlife R
  hess403: 16,863 chars — Agriculture
  hess404: 17,870 chars — InIdnudsutrsitersies
  hess405: 14,286 chars — Human Resources
  iest101: 25,479 chars — Understanding Social Science
